[NotificationService] Service account key NOT FOUND. Please set FIREBASE_SERVICE_ACCOUNT_JSON env var or place 'firebase-service-account.json' in backend/.
[NotificationService] Current Directory: C:\Users\prosp\Desktop\Axon
[NotificationService] Files: ['.git', '.gitignore', '.python-version', 'backend', 'backend_debug.log', 'backend_output.log', 'backend_output_2.log', 'eas.json', 'frontend', 'node_modules', 'package-lock.json', 'package.json', 'README.md', 'render.yaml', 'verify_queue.py']
[StatusStore] Using local JSON file storage at: C:\Users\prosp\Desktop\Axon\backend\local_status_store.json
[QueueService] Running in local PERSISTENT queue mode: C:\Users\prosp\Desktop\Axon\backend\local_queue.json
C:\Users\prosp\Desktop\Axon\backend\main.py:28: DeprecationWarning: 
        on_event is deprecated, use lifespan event handlers instead.

        Read more about it in the
        [FastAPI docs for Lifespan Events](https://fastapi.tiangolo.com/advanced/events/).
        
  @app.on_event("startup")
INFO:     Will watch for changes in these directories: ['C:\\Users\\prosp\\Desktop\\Axon']
INFO:     Uvicorn running on http://0.0.0.0:8000 (Press CTRL+C to quit)
INFO:     Started reloader process [84] using WatchFiles
INFO:     Started server process [10248]
INFO:     Waiting for application startup.
ERROR:    Traceback (most recent call last):
  File "C:\Users\prosp\AppData\Local\Programs\Python\Python313\Lib\site-packages\starlette\routing.py", line 694, in lifespan
    async with self.lifespan_context(app) as maybe_state:
               ~~~~~~~~~~~~~~~~~~~~~^^^^^
  File "C:\Users\prosp\AppData\Local\Programs\Python\Python313\Lib\contextlib.py", line 214, in __aenter__
    return await anext(self.gen)
           ^^^^^^^^^^^^^^^^^^^^^
  File "C:\Users\prosp\AppData\Local\Programs\Python\Python313\Lib\site-packages\fastapi\routing.py", line 140, in merged_lifespan
    async with original_context(app) as maybe_original_state:
               ~~~~~~~~~~~~~~~~^^^^^
  File "C:\Users\prosp\AppData\Local\Programs\Python\Python313\Lib\contextlib.py", line 214, in __aenter__
    return await anext(self.gen)
           ^^^^^^^^^^^^^^^^^^^^^
  File "C:\Users\prosp\AppData\Local\Programs\Python\Python313\Lib\site-packages\fastapi\routing.py", line 140, in merged_lifespan
    async with original_context(app) as maybe_original_state:
               ~~~~~~~~~~~~~~~~^^^^^
  File "C:\Users\prosp\AppData\Local\Programs\Python\Python313\Lib\contextlib.py", line 214, in __aenter__
    return await anext(self.gen)
           ^^^^^^^^^^^^^^^^^^^^^
  File "C:\Users\prosp\AppData\Local\Programs\Python\Python313\Lib\site-packages\fastapi\routing.py", line 140, in merged_lifespan
    async with original_context(app) as maybe_original_state:
               ~~~~~~~~~~~~~~~~^^^^^
  File "C:\Users\prosp\AppData\Local\Programs\Python\Python313\Lib\site-packages\starlette\routing.py", line 571, in __aenter__
    await self._router.startup()
  File "C:\Users\prosp\AppData\Local\Programs\Python\Python313\Lib\site-packages\starlette\routing.py", line 673, in startup
    handler()
    ~~~~~~~^^
  File "C:\Users\prosp\Desktop\Axon\backend\main.py", line 38, in startup_event
    print(f"  IQ_OPTION_EMAIL     : {'\u2713 SET' if iq_email else '\u2717 MISSING - market/signals will return 503!'}")
    ~~~~~^^^^^^^^^^^^^^^^^^^^^^^^^^^^^^^^^^^^^^^^^^^^^^^^^^^^^^^^^^^^^^^^^^^^^^^^^^^^^^^^^^^^^^^^^^^^^^^^^^^^^
  File "C:\Users\prosp\AppData\Local\Programs\Python\Python313\Lib\encodings\cp1252.py", line 19, in encode
    return codecs.charmap_encode(input,self.errors,encoding_table)[0]
           ~~~~~~~~~~~~~~~~~~~~~^^^^^^^^^^^^^^^^^^^^^^^^^^^^^^^^^^
UnicodeEncodeError: 'charmap' codec can't encode character '\u2717' in position 24: character maps to <undefined>

ERROR:    Application startup failed. Exiting.
[NotificationService] Service account key NOT FOUND. Please set FIREBASE_SERVICE_ACCOUNT_JSON env var or place 'firebase-service-account.json' in backend/.
[NotificationService] Current Directory: C:\Users\prosp\Desktop\Axon
[NotificationService] Files: ['.git', '.gitignore', '.python-version', 'backend', 'backend_debug.log', 'backend_output.log', 'backend_output_2.log', 'eas.json', 'frontend', 'node_modules', 'package-lock.json', 'package.json', 'README.md', 'render.yaml', 'verify_queue.py']
[StatusStore] Using local JSON file storage at: C:\Users\prosp\Desktop\Axon\backend\local_status_store.json
[QueueService] Running in local PERSISTENT queue mode: C:\Users\prosp\Desktop\Axon\backend\local_queue.json
============================================================
[Startup] Axon Backend Environment Check:
WARNING:  WatchFiles detected changes in 'backend\worker_daemon.py'. Reloading...
 INFO:     Started server process [9456]
INFO:     Waiting for application startup.
ERROR:    Traceback (most recent call last):
  File "C:\Users\prosp\AppData\Local\Programs\Python\Python313\Lib\site-packages\starlette\routing.py", line 694, in lifespan
    async with self.lifespan_context(app) as maybe_state:
               ~~~~~~~~~~~~~~~~~~~~~^^^^^
  File "C:\Users\prosp\AppData\Local\Programs\Python\Python313\Lib\contextlib.py", line 214, in __aenter__
    return await anext(self.gen)
           ^^^^^^^^^^^^^^^^^^^^^
  File "C:\Users\prosp\AppData\Local\Programs\Python\Python313\Lib\site-packages\fastapi\routing.py", line 140, in merged_lifespan
    async with original_context(app) as maybe_original_state:
               ~~~~~~~~~~~~~~~~^^^^^
  File "C:\Users\prosp\AppData\Local\Programs\Python\Python313\Lib\contextlib.py", line 214, in __aenter__
    return await anext(self.gen)
           ^^^^^^^^^^^^^^^^^^^^^
  File "C:\Users\prosp\AppData\Local\Programs\Python\Python313\Lib\site-packages\fastapi\routing.py", line 140, in merged_lifespan
    async with original_context(app) as maybe_original_state:
               ~~~~~~~~~~~~~~~~^^^^^
  File "C:\Users\prosp\AppData\Local\Programs\Python\Python313\Lib\contextlib.py", line 214, in __aenter__
    return await anext(self.gen)
           ^^^^^^^^^^^^^^^^^^^^^
  File "C:\Users\prosp\AppData\Local\Programs\Python\Python313\Lib\site-packages\fastapi\routing.py", line 140, in merged_lifespan
    async with original_context(app) as maybe_original_state:
               ~~~~~~~~~~~~~~~~^^^^^
  File "C:\Users\prosp\AppData\Local\Programs\Python\Python313\Lib\site-packages\starlette\routing.py", line 571, in __aenter__
    await self._router.startup()
  File "C:\Users\prosp\AppData\Local\Programs\Python\Python313\Lib\site-packages\starlette\routing.py", line 673, in startup
    handler()
    ~~~~~~~^^
  File "C:\Users\prosp\Desktop\Axon\backend\main.py", line 38, in startup_event
    print(f"  IQ_OPTION_EMAIL     : {'\u2713 SET' if iq_email else '\u2717 MISSING - market/signals will return 503!'}")
    ~~~~~^^^^^^^^^^^^^^^^^^^^^^^^^^^^^^^^^^^^^^^^^^^^^^^^^^^^^^^^^^^^^^^^^^^^^^^^^^^^^^^^^^^^^^^^^^^^^^^^^^^^^
  File "C:\Users\prosp\AppData\Local\Programs\Python\Python313\Lib\encodings\cp1252.py", line 19, in encode
    return codecs.charmap_encode(input,self.errors,encoding_table)[0]
           ~~~~~~~~~~~~~~~~~~~~~^^^^^^^^^^^^^^^^^^^^^^^^^^^^^^^^^^
UnicodeEncodeError: 'charmap' codec can't encode character '\u2717' in position 24: character maps to <undefined>

ERROR:    Application startup failed. Exiting.
[NotificationService] Service account key NOT FOUND. Please set FIREBASE_SERVICE_ACCOUNT_JSON env var or place 'firebase-service-account.json' in backend/.
[NotificationService] Current Directory: C:\Users\prosp\Desktop\Axon
[NotificationService] Files: ['.git', '.gitignore', '.python-version', 'backend', 'backend_debug.log', 'backend_output.log', 'backend_output_2.log', 'eas.json', 'frontend', 'node_modules', 'package-lock.json', 'package.json', 'README.md', 'render.yaml', 'verify_queue.py']
[StatusStore] Using local JSON file storage at: C:\Users\prosp\Desktop\Axon\backend\local_status_store.json
[QueueService] Running in local PERSISTENT queue mode: C:\Users\prosp\Desktop\Axon\backend\local_queue.json
============================================================
[Startup] Axon Backend Environment Check:
WARNING:  WatchFiles detected changes in 'backend\routers\autotrade.py'. Reloading...
 INFO:     Started server process [19628]
INFO:     Waiting for application startup.
ERROR:    Traceback (most recent call last):
  File "C:\Users\prosp\AppData\Local\Programs\Python\Python313\Lib\site-packages\starlette\routing.py", line 694, in lifespan
    async with self.lifespan_context(app) as maybe_state:
               ~~~~~~~~~~~~~~~~~~~~~^^^^^
  File "C:\Users\prosp\AppData\Local\Programs\Python\Python313\Lib\contextlib.py", line 214, in __aenter__
    return await anext(self.gen)
           ^^^^^^^^^^^^^^^^^^^^^
  File "C:\Users\prosp\AppData\Local\Programs\Python\Python313\Lib\site-packages\fastapi\routing.py", line 140, in merged_lifespan
    async with original_context(app) as maybe_original_state:
               ~~~~~~~~~~~~~~~~^^^^^
  File "C:\Users\prosp\AppData\Local\Programs\Python\Python313\Lib\contextlib.py", line 214, in __aenter__
    return await anext(self.gen)
           ^^^^^^^^^^^^^^^^^^^^^
  File "C:\Users\prosp\AppData\Local\Programs\Python\Python313\Lib\site-packages\fastapi\routing.py", line 140, in merged_lifespan
    async with original_context(app) as maybe_original_state:
               ~~~~~~~~~~~~~~~~^^^^^
  File "C:\Users\prosp\AppData\Local\Programs\Python\Python313\Lib\contextlib.py", line 214, in __aenter__
    return await anext(self.gen)
           ^^^^^^^^^^^^^^^^^^^^^
  File "C:\Users\prosp\AppData\Local\Programs\Python\Python313\Lib\site-packages\fastapi\routing.py", line 140, in merged_lifespan
    async with original_context(app) as maybe_original_state:
               ~~~~~~~~~~~~~~~~^^^^^
  File "C:\Users\prosp\AppData\Local\Programs\Python\Python313\Lib\site-packages\starlette\routing.py", line 571, in __aenter__
    await self._router.startup()
  File "C:\Users\prosp\AppData\Local\Programs\Python\Python313\Lib\site-packages\starlette\routing.py", line 673, in startup
    handler()
    ~~~~~~~^^
  File "C:\Users\prosp\Desktop\Axon\backend\main.py", line 38, in startup_event
    print(f"  IQ_OPTION_EMAIL     : {'\u2713 SET' if iq_email else '\u2717 MISSING - market/signals will return 503!'}")
    ~~~~~^^^^^^^^^^^^^^^^^^^^^^^^^^^^^^^^^^^^^^^^^^^^^^^^^^^^^^^^^^^^^^^^^^^^^^^^^^^^^^^^^^^^^^^^^^^^^^^^^^^^^
  File "C:\Users\prosp\AppData\Local\Programs\Python\Python313\Lib\encodings\cp1252.py", line 19, in encode
    return codecs.charmap_encode(input,self.errors,encoding_table)[0]
           ~~~~~~~~~~~~~~~~~~~~~^^^^^^^^^^^^^^^^^^^^^^^^^^^^^^^^^^
UnicodeEncodeError: 'charmap' codec can't encode character '\u2717' in position 24: character maps to <undefined>

ERROR:    Application startup failed. Exiting.
[NotificationService] Service account key NOT FOUND. Please set FIREBASE_SERVICE_ACCOUNT_JSON env var or place 'firebase-service-account.json' in backend/.
[NotificationService] Current Directory: C:\Users\prosp\Desktop\Axon
[NotificationService] Files: ['.git', '.gitignore', '.python-version', 'backend', 'backend_debug.log', 'backend_output.log', 'backend_output_2.log', 'eas.json', 'frontend', 'node_modules', 'package-lock.json', 'package.json', 'README.md', 'render.yaml', 'verify_queue.py']
[StatusStore] Using local JSON file storage at: C:\Users\prosp\Desktop\Axon\backend\local_status_store.json
[QueueService] Running in local PERSISTENT queue mode: C:\Users\prosp\Desktop\Axon\backend\local_queue.json
============================================================
[Startup] Axon Backend Environment Check:
WARNING:  WatchFiles detected changes in 'backend\services\status_store.py'. Reloading...
 INFO:     Started server process [19508]
INFO:     Waiting for application startup.
ERROR:    Traceback (most recent call last):
  File "C:\Users\prosp\AppData\Local\Programs\Python\Python313\Lib\site-packages\starlette\routing.py", line 694, in lifespan
    async with self.lifespan_context(app) as maybe_state:
               ~~~~~~~~~~~~~~~~~~~~~^^^^^
  File "C:\Users\prosp\AppData\Local\Programs\Python\Python313\Lib\contextlib.py", line 214, in __aenter__
    return await anext(self.gen)
           ^^^^^^^^^^^^^^^^^^^^^
  File "C:\Users\prosp\AppData\Local\Programs\Python\Python313\Lib\site-packages\fastapi\routing.py", line 140, in merged_lifespan
    async with original_context(app) as maybe_original_state:
               ~~~~~~~~~~~~~~~~^^^^^
  File "C:\Users\prosp\AppData\Local\Programs\Python\Python313\Lib\contextlib.py", line 214, in __aenter__
    return await anext(self.gen)
           ^^^^^^^^^^^^^^^^^^^^^
  File "C:\Users\prosp\AppData\Local\Programs\Python\Python313\Lib\site-packages\fastapi\routing.py", line 140, in merged_lifespan
    async with original_context(app) as maybe_original_state:
               ~~~~~~~~~~~~~~~~^^^^^
  File "C:\Users\prosp\AppData\Local\Programs\Python\Python313\Lib\contextlib.py", line 214, in __aenter__
    return await anext(self.gen)
           ^^^^^^^^^^^^^^^^^^^^^
  File "C:\Users\prosp\AppData\Local\Programs\Python\Python313\Lib\site-packages\fastapi\routing.py", line 140, in merged_lifespan
    async with original_context(app) as maybe_original_state:
               ~~~~~~~~~~~~~~~~^^^^^
  File "C:\Users\prosp\AppData\Local\Programs\Python\Python313\Lib\site-packages\starlette\routing.py", line 571, in __aenter__
    await self._router.startup()
  File "C:\Users\prosp\AppData\Local\Programs\Python\Python313\Lib\site-packages\starlette\routing.py", line 673, in startup
    handler()
    ~~~~~~~^^
  File "C:\Users\prosp\Desktop\Axon\backend\main.py", line 38, in startup_event
    print(f"  IQ_OPTION_EMAIL     : {'\u2713 SET' if iq_email else '\u2717 MISSING - market/signals will return 503!'}")
    ~~~~~^^^^^^^^^^^^^^^^^^^^^^^^^^^^^^^^^^^^^^^^^^^^^^^^^^^^^^^^^^^^^^^^^^^^^^^^^^^^^^^^^^^^^^^^^^^^^^^^^^^^^
  File "C:\Users\prosp\AppData\Local\Programs\Python\Python313\Lib\encodings\cp1252.py", line 19, in encode
    return codecs.charmap_encode(input,self.errors,encoding_table)[0]
           ~~~~~~~~~~~~~~~~~~~~~^^^^^^^^^^^^^^^^^^^^^^^^^^^^^^^^^^
UnicodeEncodeError: 'charmap' codec can't encode character '\u2717' in position 24: character maps to <undefined>

ERROR:    Application startup failed. Exiting.
[NotificationService] Service account key NOT FOUND. Please set FIREBASE_SERVICE_ACCOUNT_JSON env var or place 'firebase-service-account.json' in backend/.
[NotificationService] Current Directory: C:\Users\prosp\Desktop\Axon
[NotificationService] Files: ['.git', '.gitignore', '.python-version', 'backend', 'backend_debug.log', 'backend_output.log', 'backend_output_2.log', 'eas.json', 'frontend', 'node_modules', 'package-lock.json', 'package.json', 'README.md', 'render.yaml', 'verify_queue.py']
[StatusStore] Using local JSON file storage at: C:\Users\prosp\Desktop\Axon\backend\local_status_store.json
[QueueService] Running in local PERSISTENT queue mode: C:\Users\prosp\Desktop\Axon\backend\local_queue.json
============================================================
[Startup] Axon Backend Environment Check:
WARNING:  WatchFiles detected changes in 'backend\worker_daemon.py'. Reloading...
 INFO:     Started server process [15680]
INFO:     Waiting for application startup.
ERROR:    Traceback (most recent call last):
  File "C:\Users\prosp\AppData\Local\Programs\Python\Python313\Lib\site-packages\starlette\routing.py", line 694, in lifespan
    async with self.lifespan_context(app) as maybe_state:
               ~~~~~~~~~~~~~~~~~~~~~^^^^^
  File "C:\Users\prosp\AppData\Local\Programs\Python\Python313\Lib\contextlib.py", line 214, in __aenter__
    return await anext(self.gen)
           ^^^^^^^^^^^^^^^^^^^^^
  File "C:\Users\prosp\AppData\Local\Programs\Python\Python313\Lib\site-packages\fastapi\routing.py", line 140, in merged_lifespan
    async with original_context(app) as maybe_original_state:
               ~~~~~~~~~~~~~~~~^^^^^
  File "C:\Users\prosp\AppData\Local\Programs\Python\Python313\Lib\contextlib.py", line 214, in __aenter__
    return await anext(self.gen)
           ^^^^^^^^^^^^^^^^^^^^^
  File "C:\Users\prosp\AppData\Local\Programs\Python\Python313\Lib\site-packages\fastapi\routing.py", line 140, in merged_lifespan
    async with original_context(app) as maybe_original_state:
               ~~~~~~~~~~~~~~~~^^^^^
  File "C:\Users\prosp\AppData\Local\Programs\Python\Python313\Lib\contextlib.py", line 214, in __aenter__
    return await anext(self.gen)
           ^^^^^^^^^^^^^^^^^^^^^
  File "C:\Users\prosp\AppData\Local\Programs\Python\Python313\Lib\site-packages\fastapi\routing.py", line 140, in merged_lifespan
    async with original_context(app) as maybe_original_state:
               ~~~~~~~~~~~~~~~~^^^^^
  File "C:\Users\prosp\AppData\Local\Programs\Python\Python313\Lib\site-packages\starlette\routing.py", line 571, in __aenter__
    await self._router.startup()
  File "C:\Users\prosp\AppData\Local\Programs\Python\Python313\Lib\site-packages\starlette\routing.py", line 673, in startup
    handler()
    ~~~~~~~^^
  File "C:\Users\prosp\Desktop\Axon\backend\main.py", line 38, in startup_event
    print(f"  IQ_OPTION_EMAIL     : {'\u2713 SET' if iq_email else '\u2717 MISSING - market/signals will return 503!'}")
    ~~~~~^^^^^^^^^^^^^^^^^^^^^^^^^^^^^^^^^^^^^^^^^^^^^^^^^^^^^^^^^^^^^^^^^^^^^^^^^^^^^^^^^^^^^^^^^^^^^^^^^^^^^
  File "C:\Users\prosp\AppData\Local\Programs\Python\Python313\Lib\encodings\cp1252.py", line 19, in encode
    return codecs.charmap_encode(input,self.errors,encoding_table)[0]
           ~~~~~~~~~~~~~~~~~~~~~^^^^^^^^^^^^^^^^^^^^^^^^^^^^^^^^^^
UnicodeEncodeError: 'charmap' codec can't encode character '\u2717' in position 24: character maps to <undefined>

ERROR:    Application startup failed. Exiting.
[NotificationService] Service account key NOT FOUND. Please set FIREBASE_SERVICE_ACCOUNT_JSON env var or place 'firebase-service-account.json' in backend/.
[NotificationService] Current Directory: C:\Users\prosp\Desktop\Axon
[NotificationService] Files: ['.git', '.gitignore', '.python-version', 'backend', 'backend_debug.log', 'backend_output.log', 'backend_output_2.log', 'eas.json', 'frontend', 'node_modules', 'package-lock.json', 'package.json', 'README.md', 'render.yaml', 'verify_queue.py']
[StatusStore] Using local JSON file storage at: C:\Users\prosp\Desktop\Axon\backend\local_status_store.json
[QueueService] Running in local PERSISTENT queue mode: C:\Users\prosp\Desktop\Axon\backend\local_queue.json
============================================================
[Startup] Axon Backend Environment Check:
WARNING:  WatchFiles detected changes in 'backend\services\trade_worker.py'. Reloading...
 Traceback (most recent call last):
  File "<string>", line 1, in <module>
    from multiprocessing.spawn import spawn_main; spawn_main(parent_pid=84, pipe_handle=2188)
                                                  ~~~~~~~~~~^^^^^^^^^^^^^^^^^^^^^^^^^^^^^^^^^
  File "C:\Users\prosp\AppData\Local\Programs\Python\Python313\Lib\multiprocessing\spawn.py", line 122, in spawn_main
    exitcode = _main(fd, parent_sentinel)
  File "C:\Users\prosp\AppData\Local\Programs\Python\Python313\Lib\multiprocessing\spawn.py", line 131, in _main
    prepare(preparation_data)
    ~~~~~~~^^^^^^^^^^^^^^^^^^
  File "C:\Users\prosp\AppData\Local\Programs\Python\Python313\Lib\multiprocessing\spawn.py", line 246, in prepare
    _fixup_main_from_path(data['init_main_from_path'])
    ~~~~~~~~~~~~~~~~~~~~~^^^^^^^^^^^^^^^^^^^^^^^^^^^^^
  File "C:\Users\prosp\AppData\Local\Programs\Python\Python313\Lib\multiprocessing\spawn.py", line 297, in _fixup_main_from_path
    main_content = runpy.run_path(main_path,
                                  run_name="__mp_main__")
  File "<frozen runpy>", line 287, in run_path
  File "<frozen runpy>", line 98, in _run_module_code
  File "<frozen runpy>", line 88, in _run_code
  File "C:\Users\prosp\Desktop\Axon\backend\main.py", line 9, in <module>
    from worker_daemon import WorkerDaemon
  File "C:\Users\prosp\Desktop\Axon\backend\worker_daemon.py", line 7, in <module>
    from services.trade_worker import run_trade_session
  File "C:\Users\prosp\Desktop\Axon\backend\services\trade_worker.py", line 37
    check, reason = iq.connect()
IndentationError: unexpected indent
[NotificationService] Service account key NOT FOUND. Please set FIREBASE_SERVICE_ACCOUNT_JSON env var or place 'firebase-service-account.json' in backend/.
[NotificationService] Current Directory: C:\Users\prosp\Desktop\Axon
[NotificationService] Files: ['.git', '.gitignore', '.python-version', 'backend', 'backend_debug.log', 'backend_output.log', 'backend_output_2.log', 'eas.json', 'frontend', 'node_modules', 'package-lock.json', 'package.json', 'README.md', 'render.yaml', 'verify_queue.py']
[StatusStore] Using local JSON file storage at: C:\Users\prosp\Desktop\Axon\backend\local_status_store.json
[QueueService] Running in local PERSISTENT queue mode: C:\Users\prosp\Desktop\Axon\backend\local_queue.json
WARNING:  WatchFiles detected changes in 'backend\services\trade_worker.py'. Reloading...
 INFO:     Started server process [5100]
INFO:     Waiting for application startup.
ERROR:    Traceback (most recent call last):
  File "C:\Users\prosp\AppData\Local\Programs\Python\Python313\Lib\site-packages\starlette\routing.py", line 694, in lifespan
    async with self.lifespan_context(app) as maybe_state:
               ~~~~~~~~~~~~~~~~~~~~~^^^^^
  File "C:\Users\prosp\AppData\Local\Programs\Python\Python313\Lib\contextlib.py", line 214, in __aenter__
    return await anext(self.gen)
           ^^^^^^^^^^^^^^^^^^^^^
  File "C:\Users\prosp\AppData\Local\Programs\Python\Python313\Lib\site-packages\fastapi\routing.py", line 140, in merged_lifespan
    async with original_context(app) as maybe_original_state:
               ~~~~~~~~~~~~~~~~^^^^^
  File "C:\Users\prosp\AppData\Local\Programs\Python\Python313\Lib\contextlib.py", line 214, in __aenter__
    return await anext(self.gen)
           ^^^^^^^^^^^^^^^^^^^^^
  File "C:\Users\prosp\AppData\Local\Programs\Python\Python313\Lib\site-packages\fastapi\routing.py", line 140, in merged_lifespan
    async with original_context(app) as maybe_original_state:
               ~~~~~~~~~~~~~~~~^^^^^
  File "C:\Users\prosp\AppData\Local\Programs\Python\Python313\Lib\contextlib.py", line 214, in __aenter__
    return await anext(self.gen)
           ^^^^^^^^^^^^^^^^^^^^^
  File "C:\Users\prosp\AppData\Local\Programs\Python\Python313\Lib\site-packages\fastapi\routing.py", line 140, in merged_lifespan
    async with original_context(app) as maybe_original_state:
               ~~~~~~~~~~~~~~~~^^^^^
  File "C:\Users\prosp\AppData\Local\Programs\Python\Python313\Lib\site-packages\starlette\routing.py", line 571, in __aenter__
    await self._router.startup()
  File "C:\Users\prosp\AppData\Local\Programs\Python\Python313\Lib\site-packages\starlette\routing.py", line 673, in startup
    handler()
    ~~~~~~~^^
  File "C:\Users\prosp\Desktop\Axon\backend\main.py", line 38, in startup_event
    print(f"  IQ_OPTION_EMAIL     : {'\u2713 SET' if iq_email else '\u2717 MISSING - market/signals will return 503!'}")
    ~~~~~^^^^^^^^^^^^^^^^^^^^^^^^^^^^^^^^^^^^^^^^^^^^^^^^^^^^^^^^^^^^^^^^^^^^^^^^^^^^^^^^^^^^^^^^^^^^^^^^^^^^^
  File "C:\Users\prosp\AppData\Local\Programs\Python\Python313\Lib\encodings\cp1252.py", line 19, in encode
    return codecs.charmap_encode(input,self.errors,encoding_table)[0]
           ~~~~~~~~~~~~~~~~~~~~~^^^^^^^^^^^^^^^^^^^^^^^^^^^^^^^^^^
UnicodeEncodeError: 'charmap' codec can't encode character '\u2717' in position 24: character maps to <undefined>

ERROR:    Application startup failed. Exiting.
[NotificationService] Service account key NOT FOUND. Please set FIREBASE_SERVICE_ACCOUNT_JSON env var or place 'firebase-service-account.json' in backend/.
[NotificationService] Current Directory: C:\Users\prosp\Desktop\Axon
[NotificationService] Files: ['.git', '.gitignore', '.python-version', 'backend', 'backend_debug.log', 'backend_output.log', 'backend_output_2.log', 'eas.json', 'frontend', 'node_modules', 'package-lock.json', 'package.json', 'README.md', 'render.yaml', 'verify_queue.py']
[StatusStore] Using local JSON file storage at: C:\Users\prosp\Desktop\Axon\backend\local_status_store.json
[QueueService] Running in local PERSISTENT queue mode: C:\Users\prosp\Desktop\Axon\backend\local_queue.json
============================================================
[Startup] Axon Backend Environment Check:
WARNING:  WatchFiles detected changes in 'backend\services\trade_worker.py'. Reloading...
 INFO:     Started server process [16876]
INFO:     Waiting for application startup.
ERROR:    Traceback (most recent call last):
  File "C:\Users\prosp\AppData\Local\Programs\Python\Python313\Lib\site-packages\starlette\routing.py", line 694, in lifespan
    async with self.lifespan_context(app) as maybe_state:
               ~~~~~~~~~~~~~~~~~~~~~^^^^^
  File "C:\Users\prosp\AppData\Local\Programs\Python\Python313\Lib\contextlib.py", line 214, in __aenter__
    return await anext(self.gen)
           ^^^^^^^^^^^^^^^^^^^^^
  File "C:\Users\prosp\AppData\Local\Programs\Python\Python313\Lib\site-packages\fastapi\routing.py", line 140, in merged_lifespan
    async with original_context(app) as maybe_original_state:
               ~~~~~~~~~~~~~~~~^^^^^
  File "C:\Users\prosp\AppData\Local\Programs\Python\Python313\Lib\contextlib.py", line 214, in __aenter__
    return await anext(self.gen)
           ^^^^^^^^^^^^^^^^^^^^^
  File "C:\Users\prosp\AppData\Local\Programs\Python\Python313\Lib\site-packages\fastapi\routing.py", line 140, in merged_lifespan
    async with original_context(app) as maybe_original_state:
               ~~~~~~~~~~~~~~~~^^^^^
  File "C:\Users\prosp\AppData\Local\Programs\Python\Python313\Lib\contextlib.py", line 214, in __aenter__
    return await anext(self.gen)
           ^^^^^^^^^^^^^^^^^^^^^
  File "C:\Users\prosp\AppData\Local\Programs\Python\Python313\Lib\site-packages\fastapi\routing.py", line 140, in merged_lifespan
    async with original_context(app) as maybe_original_state:
               ~~~~~~~~~~~~~~~~^^^^^
  File "C:\Users\prosp\AppData\Local\Programs\Python\Python313\Lib\site-packages\starlette\routing.py", line 571, in __aenter__
    await self._router.startup()
  File "C:\Users\prosp\AppData\Local\Programs\Python\Python313\Lib\site-packages\starlette\routing.py", line 673, in startup
    handler()
    ~~~~~~~^^
  File "C:\Users\prosp\Desktop\Axon\backend\main.py", line 38, in startup_event
    print(f"  IQ_OPTION_EMAIL     : {'\u2713 SET' if iq_email else '\u2717 MISSING - market/signals will return 503!'}")
    ~~~~~^^^^^^^^^^^^^^^^^^^^^^^^^^^^^^^^^^^^^^^^^^^^^^^^^^^^^^^^^^^^^^^^^^^^^^^^^^^^^^^^^^^^^^^^^^^^^^^^^^^^^
  File "C:\Users\prosp\AppData\Local\Programs\Python\Python313\Lib\encodings\cp1252.py", line 19, in encode
    return codecs.charmap_encode(input,self.errors,encoding_table)[0]
           ~~~~~~~~~~~~~~~~~~~~~^^^^^^^^^^^^^^^^^^^^^^^^^^^^^^^^^^
UnicodeEncodeError: 'charmap' codec can't encode character '\u2717' in position 24: character maps to <undefined>

ERROR:    Application startup failed. Exiting.
[NotificationService] Service account key NOT FOUND. Please set FIREBASE_SERVICE_ACCOUNT_JSON env var or place 'firebase-service-account.json' in backend/.
[NotificationService] Current Directory: C:\Users\prosp\Desktop\Axon
[NotificationService] Files: ['.git', '.gitignore', '.python-version', 'backend', 'backend_debug.log', 'backend_output.log', 'backend_output_2.log', 'eas.json', 'frontend', 'node_modules', 'package-lock.json', 'package.json', 'README.md', 'render.yaml', 'verify_queue.py']
[StatusStore] Using local JSON file storage at: C:\Users\prosp\Desktop\Axon\backend\local_status_store.json
[QueueService] Running in local PERSISTENT queue mode: C:\Users\prosp\Desktop\Axon\backend\local_queue.json
============================================================
[Startup] Axon Backend Environment Check:
WARNING:  WatchFiles detected changes in 'backend\routers\market.py'. Reloading...
 INFO:     Started server process [10952]
INFO:     Waiting for application startup.
ERROR:    Traceback (most recent call last):
  File "C:\Users\prosp\AppData\Local\Programs\Python\Python313\Lib\site-packages\starlette\routing.py", line 694, in lifespan
    async with self.lifespan_context(app) as maybe_state:
               ~~~~~~~~~~~~~~~~~~~~~^^^^^
  File "C:\Users\prosp\AppData\Local\Programs\Python\Python313\Lib\contextlib.py", line 214, in __aenter__
    return await anext(self.gen)
           ^^^^^^^^^^^^^^^^^^^^^
  File "C:\Users\prosp\AppData\Local\Programs\Python\Python313\Lib\site-packages\fastapi\routing.py", line 140, in merged_lifespan
    async with original_context(app) as maybe_original_state:
               ~~~~~~~~~~~~~~~~^^^^^
  File "C:\Users\prosp\AppData\Local\Programs\Python\Python313\Lib\contextlib.py", line 214, in __aenter__
    return await anext(self.gen)
           ^^^^^^^^^^^^^^^^^^^^^
  File "C:\Users\prosp\AppData\Local\Programs\Python\Python313\Lib\site-packages\fastapi\routing.py", line 140, in merged_lifespan
    async with original_context(app) as maybe_original_state:
               ~~~~~~~~~~~~~~~~^^^^^
  File "C:\Users\prosp\AppData\Local\Programs\Python\Python313\Lib\contextlib.py", line 214, in __aenter__
    return await anext(self.gen)
           ^^^^^^^^^^^^^^^^^^^^^
  File "C:\Users\prosp\AppData\Local\Programs\Python\Python313\Lib\site-packages\fastapi\routing.py", line 140, in merged_lifespan
    async with original_context(app) as maybe_original_state:
               ~~~~~~~~~~~~~~~~^^^^^
  File "C:\Users\prosp\AppData\Local\Programs\Python\Python313\Lib\site-packages\starlette\routing.py", line 571, in __aenter__
    await self._router.startup()
  File "C:\Users\prosp\AppData\Local\Programs\Python\Python313\Lib\site-packages\starlette\routing.py", line 673, in startup
    handler()
    ~~~~~~~^^
  File "C:\Users\prosp\Desktop\Axon\backend\main.py", line 38, in startup_event
    print(f"  IQ_OPTION_EMAIL     : {'\u2713 SET' if iq_email else '\u2717 MISSING - market/signals will return 503!'}")
    ~~~~~^^^^^^^^^^^^^^^^^^^^^^^^^^^^^^^^^^^^^^^^^^^^^^^^^^^^^^^^^^^^^^^^^^^^^^^^^^^^^^^^^^^^^^^^^^^^^^^^^^^^^
  File "C:\Users\prosp\AppData\Local\Programs\Python\Python313\Lib\encodings\cp1252.py", line 19, in encode
    return codecs.charmap_encode(input,self.errors,encoding_table)[0]
           ~~~~~~~~~~~~~~~~~~~~~^^^^^^^^^^^^^^^^^^^^^^^^^^^^^^^^^^
UnicodeEncodeError: 'charmap' codec can't encode character '\u2717' in position 24: character maps to <undefined>

ERROR:    Application startup failed. Exiting.
[NotificationService] Service account key NOT FOUND. Please set FIREBASE_SERVICE_ACCOUNT_JSON env var or place 'firebase-service-account.json' in backend/.
[NotificationService] Current Directory: C:\Users\prosp\Desktop\Axon
[NotificationService] Files: ['.git', '.gitignore', '.python-version', 'backend', 'backend_debug.log', 'backend_output.log', 'backend_output_2.log', 'eas.json', 'frontend', 'node_modules', 'package-lock.json', 'package.json', 'README.md', 'render.yaml', 'verify_queue.py']
[StatusStore] Using local JSON file storage at: C:\Users\prosp\Desktop\Axon\backend\local_status_store.json
[QueueService] Running in local PERSISTENT queue mode: C:\Users\prosp\Desktop\Axon\backend\local_queue.json
============================================================
[Startup] Axon Backend Environment Check:
WARNING:  WatchFiles detected changes in 'backend\services\trade_worker.py'. Reloading...
 INFO:     Started server process [10336]
INFO:     Waiting for application startup.
ERROR:    Traceback (most recent call last):
  File "C:\Users\prosp\AppData\Local\Programs\Python\Python313\Lib\site-packages\starlette\routing.py", line 694, in lifespan
    async with self.lifespan_context(app) as maybe_state:
               ~~~~~~~~~~~~~~~~~~~~~^^^^^
  File "C:\Users\prosp\AppData\Local\Programs\Python\Python313\Lib\contextlib.py", line 214, in __aenter__
    return await anext(self.gen)
           ^^^^^^^^^^^^^^^^^^^^^
  File "C:\Users\prosp\AppData\Local\Programs\Python\Python313\Lib\site-packages\fastapi\routing.py", line 140, in merged_lifespan
    async with original_context(app) as maybe_original_state:
               ~~~~~~~~~~~~~~~~^^^^^
  File "C:\Users\prosp\AppData\Local\Programs\Python\Python313\Lib\contextlib.py", line 214, in __aenter__
    return await anext(self.gen)
           ^^^^^^^^^^^^^^^^^^^^^
  File "C:\Users\prosp\AppData\Local\Programs\Python\Python313\Lib\site-packages\fastapi\routing.py", line 140, in merged_lifespan
    async with original_context(app) as maybe_original_state:
               ~~~~~~~~~~~~~~~~^^^^^
  File "C:\Users\prosp\AppData\Local\Programs\Python\Python313\Lib\contextlib.py", line 214, in __aenter__
    return await anext(self.gen)
           ^^^^^^^^^^^^^^^^^^^^^
  File "C:\Users\prosp\AppData\Local\Programs\Python\Python313\Lib\site-packages\fastapi\routing.py", line 140, in merged_lifespan
    async with original_context(app) as maybe_original_state:
               ~~~~~~~~~~~~~~~~^^^^^
  File "C:\Users\prosp\AppData\Local\Programs\Python\Python313\Lib\site-packages\starlette\routing.py", line 571, in __aenter__
    await self._router.startup()
  File "C:\Users\prosp\AppData\Local\Programs\Python\Python313\Lib\site-packages\starlette\routing.py", line 673, in startup
    handler()
    ~~~~~~~^^
  File "C:\Users\prosp\Desktop\Axon\backend\main.py", line 38, in startup_event
    print(f"  IQ_OPTION_EMAIL     : {'\u2713 SET' if iq_email else '\u2717 MISSING - market/signals will return 503!'}")
    ~~~~~^^^^^^^^^^^^^^^^^^^^^^^^^^^^^^^^^^^^^^^^^^^^^^^^^^^^^^^^^^^^^^^^^^^^^^^^^^^^^^^^^^^^^^^^^^^^^^^^^^^^^
  File "C:\Users\prosp\AppData\Local\Programs\Python\Python313\Lib\encodings\cp1252.py", line 19, in encode
    return codecs.charmap_encode(input,self.errors,encoding_table)[0]
           ~~~~~~~~~~~~~~~~~~~~~^^^^^^^^^^^^^^^^^^^^^^^^^^^^^^^^^^
UnicodeEncodeError: 'charmap' codec can't encode character '\u2717' in position 24: character maps to <undefined>

ERROR:    Application startup failed. Exiting.
[NotificationService] Service account key NOT FOUND. Please set FIREBASE_SERVICE_ACCOUNT_JSON env var or place 'firebase-service-account.json' in backend/.
[NotificationService] Current Directory: C:\Users\prosp\Desktop\Axon
[NotificationService] Files: ['.git', '.gitignore', '.python-version', 'backend', 'backend_debug.log', 'backend_output.log', 'backend_output_2.log', 'eas.json', 'frontend', 'node_modules', 'package-lock.json', 'package.json', 'README.md', 'render.yaml', 'verify_queue.py']
[StatusStore] Using local JSON file storage at: C:\Users\prosp\Desktop\Axon\backend\local_status_store.json
[QueueService] Running in local PERSISTENT queue mode: C:\Users\prosp\Desktop\Axon\backend\local_queue.json
============================================================
[Startup] Axon Backend Environment Check:
WARNING:  WatchFiles detected changes in 'backend\models\schemas.py'. Reloading...
 INFO:     Started server process [15436]
INFO:     Waiting for application startup.
ERROR:    Traceback (most recent call last):
  File "C:\Users\prosp\AppData\Local\Programs\Python\Python313\Lib\site-packages\starlette\routing.py", line 694, in lifespan
    async with self.lifespan_context(app) as maybe_state:
               ~~~~~~~~~~~~~~~~~~~~~^^^^^
  File "C:\Users\prosp\AppData\Local\Programs\Python\Python313\Lib\contextlib.py", line 214, in __aenter__
    return await anext(self.gen)
           ^^^^^^^^^^^^^^^^^^^^^
  File "C:\Users\prosp\AppData\Local\Programs\Python\Python313\Lib\site-packages\fastapi\routing.py", line 140, in merged_lifespan
    async with original_context(app) as maybe_original_state:
               ~~~~~~~~~~~~~~~~^^^^^
  File "C:\Users\prosp\AppData\Local\Programs\Python\Python313\Lib\contextlib.py", line 214, in __aenter__
    return await anext(self.gen)
           ^^^^^^^^^^^^^^^^^^^^^
  File "C:\Users\prosp\AppData\Local\Programs\Python\Python313\Lib\site-packages\fastapi\routing.py", line 140, in merged_lifespan
    async with original_context(app) as maybe_original_state:
               ~~~~~~~~~~~~~~~~^^^^^
  File "C:\Users\prosp\AppData\Local\Programs\Python\Python313\Lib\contextlib.py", line 214, in __aenter__
    return await anext(self.gen)
           ^^^^^^^^^^^^^^^^^^^^^
  File "C:\Users\prosp\AppData\Local\Programs\Python\Python313\Lib\site-packages\fastapi\routing.py", line 140, in merged_lifespan
    async with original_context(app) as maybe_original_state:
               ~~~~~~~~~~~~~~~~^^^^^
  File "C:\Users\prosp\AppData\Local\Programs\Python\Python313\Lib\site-packages\starlette\routing.py", line 571, in __aenter__
    await self._router.startup()
  File "C:\Users\prosp\AppData\Local\Programs\Python\Python313\Lib\site-packages\starlette\routing.py", line 673, in startup
    handler()
    ~~~~~~~^^
  File "C:\Users\prosp\Desktop\Axon\backend\main.py", line 38, in startup_event
    print(f"  IQ_OPTION_EMAIL     : {'\u2713 SET' if iq_email else '\u2717 MISSING - market/signals will return 503!'}")
    ~~~~~^^^^^^^^^^^^^^^^^^^^^^^^^^^^^^^^^^^^^^^^^^^^^^^^^^^^^^^^^^^^^^^^^^^^^^^^^^^^^^^^^^^^^^^^^^^^^^^^^^^^^
  File "C:\Users\prosp\AppData\Local\Programs\Python\Python313\Lib\encodings\cp1252.py", line 19, in encode
    return codecs.charmap_encode(input,self.errors,encoding_table)[0]
           ~~~~~~~~~~~~~~~~~~~~~^^^^^^^^^^^^^^^^^^^^^^^^^^^^^^^^^^
UnicodeEncodeError: 'charmap' codec can't encode character '\u2717' in position 24: character maps to <undefined>

ERROR:    Application startup failed. Exiting.
[NotificationService] Service account key NOT FOUND. Please set FIREBASE_SERVICE_ACCOUNT_JSON env var or place 'firebase-service-account.json' in backend/.
[NotificationService] Current Directory: C:\Users\prosp\Desktop\Axon
[NotificationService] Files: ['.git', '.gitignore', '.python-version', 'backend', 'backend_debug.log', 'backend_output.log', 'backend_output_2.log', 'eas.json', 'frontend', 'node_modules', 'package-lock.json', 'package.json', 'README.md', 'render.yaml', 'verify_queue.py']
[StatusStore] Using local JSON file storage at: C:\Users\prosp\Desktop\Axon\backend\local_status_store.json
[QueueService] Running in local PERSISTENT queue mode: C:\Users\prosp\Desktop\Axon\backend\local_queue.json
============================================================
[Startup] Axon Backend Environment Check:
WARNING:  WatchFiles detected changes in 'backend\services\trade_worker.py'. Reloading...
 INFO:     Started server process [19324]
INFO:     Waiting for application startup.
ERROR:    Traceback (most recent call last):
  File "C:\Users\prosp\AppData\Local\Programs\Python\Python313\Lib\site-packages\starlette\routing.py", line 694, in lifespan
    async with self.lifespan_context(app) as maybe_state:
               ~~~~~~~~~~~~~~~~~~~~~^^^^^
  File "C:\Users\prosp\AppData\Local\Programs\Python\Python313\Lib\contextlib.py", line 214, in __aenter__
    return await anext(self.gen)
           ^^^^^^^^^^^^^^^^^^^^^
  File "C:\Users\prosp\AppData\Local\Programs\Python\Python313\Lib\site-packages\fastapi\routing.py", line 140, in merged_lifespan
    async with original_context(app) as maybe_original_state:
               ~~~~~~~~~~~~~~~~^^^^^
  File "C:\Users\prosp\AppData\Local\Programs\Python\Python313\Lib\contextlib.py", line 214, in __aenter__
    return await anext(self.gen)
           ^^^^^^^^^^^^^^^^^^^^^
  File "C:\Users\prosp\AppData\Local\Programs\Python\Python313\Lib\site-packages\fastapi\routing.py", line 140, in merged_lifespan
    async with original_context(app) as maybe_original_state:
               ~~~~~~~~~~~~~~~~^^^^^
  File "C:\Users\prosp\AppData\Local\Programs\Python\Python313\Lib\contextlib.py", line 214, in __aenter__
    return await anext(self.gen)
           ^^^^^^^^^^^^^^^^^^^^^
  File "C:\Users\prosp\AppData\Local\Programs\Python\Python313\Lib\site-packages\fastapi\routing.py", line 140, in merged_lifespan
    async with original_context(app) as maybe_original_state:
               ~~~~~~~~~~~~~~~~^^^^^
  File "C:\Users\prosp\AppData\Local\Programs\Python\Python313\Lib\site-packages\starlette\routing.py", line 571, in __aenter__
    await self._router.startup()
  File "C:\Users\prosp\AppData\Local\Programs\Python\Python313\Lib\site-packages\starlette\routing.py", line 673, in startup
    handler()
    ~~~~~~~^^
  File "C:\Users\prosp\Desktop\Axon\backend\main.py", line 38, in startup_event
    print(f"  IQ_OPTION_EMAIL     : {'\u2713 SET' if iq_email else '\u2717 MISSING - market/signals will return 503!'}")
    ~~~~~^^^^^^^^^^^^^^^^^^^^^^^^^^^^^^^^^^^^^^^^^^^^^^^^^^^^^^^^^^^^^^^^^^^^^^^^^^^^^^^^^^^^^^^^^^^^^^^^^^^^^
  File "C:\Users\prosp\AppData\Local\Programs\Python\Python313\Lib\encodings\cp1252.py", line 19, in encode
    return codecs.charmap_encode(input,self.errors,encoding_table)[0]
           ~~~~~~~~~~~~~~~~~~~~~^^^^^^^^^^^^^^^^^^^^^^^^^^^^^^^^^^
UnicodeEncodeError: 'charmap' codec can't encode character '\u2717' in position 24: character maps to <undefined>

ERROR:    Application startup failed. Exiting.
[NotificationService] Service account key NOT FOUND. Please set FIREBASE_SERVICE_ACCOUNT_JSON env var or place 'firebase-service-account.json' in backend/.
[NotificationService] Current Directory: C:\Users\prosp\Desktop\Axon
[NotificationService] Files: ['.git', '.gitignore', '.python-version', 'backend', 'backend_debug.log', 'backend_output.log', 'backend_output_2.log', 'eas.json', 'frontend', 'node_modules', 'package-lock.json', 'package.json', 'README.md', 'render.yaml', 'verify_queue.py']
[StatusStore] Using local JSON file storage at: C:\Users\prosp\Desktop\Axon\backend\local_status_store.json
[QueueService] Running in local PERSISTENT queue mode: C:\Users\prosp\Desktop\Axon\backend\local_queue.json
============================================================
[Startup] Axon Backend Environment Check:
WARNING:  WatchFiles detected changes in 'backend\services\trade_worker.py'. Reloading...
 INFO:     Started server process [2948]
INFO:     Waiting for application startup.
ERROR:    Traceback (most recent call last):
  File "C:\Users\prosp\AppData\Local\Programs\Python\Python313\Lib\site-packages\starlette\routing.py", line 694, in lifespan
    async with self.lifespan_context(app) as maybe_state:
               ~~~~~~~~~~~~~~~~~~~~~^^^^^
  File "C:\Users\prosp\AppData\Local\Programs\Python\Python313\Lib\contextlib.py", line 214, in __aenter__
    return await anext(self.gen)
           ^^^^^^^^^^^^^^^^^^^^^
  File "C:\Users\prosp\AppData\Local\Programs\Python\Python313\Lib\site-packages\fastapi\routing.py", line 140, in merged_lifespan
    async with original_context(app) as maybe_original_state:
               ~~~~~~~~~~~~~~~~^^^^^
  File "C:\Users\prosp\AppData\Local\Programs\Python\Python313\Lib\contextlib.py", line 214, in __aenter__
    return await anext(self.gen)
           ^^^^^^^^^^^^^^^^^^^^^
  File "C:\Users\prosp\AppData\Local\Programs\Python\Python313\Lib\site-packages\fastapi\routing.py", line 140, in merged_lifespan
    async with original_context(app) as maybe_original_state:
               ~~~~~~~~~~~~~~~~^^^^^
  File "C:\Users\prosp\AppData\Local\Programs\Python\Python313\Lib\contextlib.py", line 214, in __aenter__
    return await anext(self.gen)
           ^^^^^^^^^^^^^^^^^^^^^
  File "C:\Users\prosp\AppData\Local\Programs\Python\Python313\Lib\site-packages\fastapi\routing.py", line 140, in merged_lifespan
    async with original_context(app) as maybe_original_state:
               ~~~~~~~~~~~~~~~~^^^^^
  File "C:\Users\prosp\AppData\Local\Programs\Python\Python313\Lib\site-packages\starlette\routing.py", line 571, in __aenter__
    await self._router.startup()
  File "C:\Users\prosp\AppData\Local\Programs\Python\Python313\Lib\site-packages\starlette\routing.py", line 673, in startup
    handler()
    ~~~~~~~^^
  File "C:\Users\prosp\Desktop\Axon\backend\main.py", line 38, in startup_event
    print(f"  IQ_OPTION_EMAIL     : {'\u2713 SET' if iq_email else '\u2717 MISSING - market/signals will return 503!'}")
    ~~~~~^^^^^^^^^^^^^^^^^^^^^^^^^^^^^^^^^^^^^^^^^^^^^^^^^^^^^^^^^^^^^^^^^^^^^^^^^^^^^^^^^^^^^^^^^^^^^^^^^^^^^
  File "C:\Users\prosp\AppData\Local\Programs\Python\Python313\Lib\encodings\cp1252.py", line 19, in encode
    return codecs.charmap_encode(input,self.errors,encoding_table)[0]
           ~~~~~~~~~~~~~~~~~~~~~^^^^^^^^^^^^^^^^^^^^^^^^^^^^^^^^^^
UnicodeEncodeError: 'charmap' codec can't encode character '\u2717' in position 24: character maps to <undefined>

ERROR:    Application startup failed. Exiting.
[NotificationService] Service account key NOT FOUND. Please set FIREBASE_SERVICE_ACCOUNT_JSON env var or place 'firebase-service-account.json' in backend/.
[NotificationService] Current Directory: C:\Users\prosp\Desktop\Axon
[NotificationService] Files: ['.git', '.gitignore', '.python-version', 'backend', 'backend_debug.log', 'backend_output.log', 'backend_output_2.log', 'eas.json', 'frontend', 'node_modules', 'package-lock.json', 'package.json', 'README.md', 'render.yaml', 'verify_queue.py']
[StatusStore] Using local JSON file storage at: C:\Users\prosp\Desktop\Axon\backend\local_status_store.json
[QueueService] Running in local PERSISTENT queue mode: C:\Users\prosp\Desktop\Axon\backend\local_queue.json
============================================================
[Startup] Axon Backend Environment Check:
WARNING:  WatchFiles detected changes in 'backend\routers\autotrade.py'. Reloading...
 INFO:     Started server process [10904]
INFO:     Waiting for application startup.
ERROR:    Traceback (most recent call last):
  File "C:\Users\prosp\AppData\Local\Programs\Python\Python313\Lib\site-packages\starlette\routing.py", line 694, in lifespan
    async with self.lifespan_context(app) as maybe_state:
               ~~~~~~~~~~~~~~~~~~~~~^^^^^
  File "C:\Users\prosp\AppData\Local\Programs\Python\Python313\Lib\contextlib.py", line 214, in __aenter__
    return await anext(self.gen)
           ^^^^^^^^^^^^^^^^^^^^^
  File "C:\Users\prosp\AppData\Local\Programs\Python\Python313\Lib\site-packages\fastapi\routing.py", line 140, in merged_lifespan
    async with original_context(app) as maybe_original_state:
               ~~~~~~~~~~~~~~~~^^^^^
  File "C:\Users\prosp\AppData\Local\Programs\Python\Python313\Lib\contextlib.py", line 214, in __aenter__
    return await anext(self.gen)
           ^^^^^^^^^^^^^^^^^^^^^
  File "C:\Users\prosp\AppData\Local\Programs\Python\Python313\Lib\site-packages\fastapi\routing.py", line 140, in merged_lifespan
    async with original_context(app) as maybe_original_state:
               ~~~~~~~~~~~~~~~~^^^^^
  File "C:\Users\prosp\AppData\Local\Programs\Python\Python313\Lib\contextlib.py", line 214, in __aenter__
    return await anext(self.gen)
           ^^^^^^^^^^^^^^^^^^^^^
  File "C:\Users\prosp\AppData\Local\Programs\Python\Python313\Lib\site-packages\fastapi\routing.py", line 140, in merged_lifespan
    async with original_context(app) as maybe_original_state:
               ~~~~~~~~~~~~~~~~^^^^^
  File "C:\Users\prosp\AppData\Local\Programs\Python\Python313\Lib\site-packages\starlette\routing.py", line 571, in __aenter__
    await self._router.startup()
  File "C:\Users\prosp\AppData\Local\Programs\Python\Python313\Lib\site-packages\starlette\routing.py", line 673, in startup
    handler()
    ~~~~~~~^^
  File "C:\Users\prosp\Desktop\Axon\backend\main.py", line 38, in startup_event
    print(f"  IQ_OPTION_EMAIL     : {'\u2713 SET' if iq_email else '\u2717 MISSING - market/signals will return 503!'}")
    ~~~~~^^^^^^^^^^^^^^^^^^^^^^^^^^^^^^^^^^^^^^^^^^^^^^^^^^^^^^^^^^^^^^^^^^^^^^^^^^^^^^^^^^^^^^^^^^^^^^^^^^^^^
  File "C:\Users\prosp\AppData\Local\Programs\Python\Python313\Lib\encodings\cp1252.py", line 19, in encode
    return codecs.charmap_encode(input,self.errors,encoding_table)[0]
           ~~~~~~~~~~~~~~~~~~~~~^^^^^^^^^^^^^^^^^^^^^^^^^^^^^^^^^^
UnicodeEncodeError: 'charmap' codec can't encode character '\u2717' in position 24: character maps to <undefined>

ERROR:    Application startup failed. Exiting.
[NotificationService] Service account key NOT FOUND. Please set FIREBASE_SERVICE_ACCOUNT_JSON env var or place 'firebase-service-account.json' in backend/.
[NotificationService] Current Directory: C:\Users\prosp\Desktop\Axon
[NotificationService] Files: ['.git', '.gitignore', '.python-version', 'backend', 'backend_debug.log', 'backend_output.log', 'backend_output_2.log', 'eas.json', 'frontend', 'node_modules', 'package-lock.json', 'package.json', 'README.md', 'render.yaml', 'verify_queue.py']
[StatusStore] Using local JSON file storage at: C:\Users\prosp\Desktop\Axon\backend\local_status_store.json
[QueueService] Running in local PERSISTENT queue mode: C:\Users\prosp\Desktop\Axon\backend\local_queue.json
============================================================
[Startup] Axon Backend Environment Check:
WARNING:  WatchFiles detected changes in 'backend\services\trade_worker.py'. Reloading...
 INFO:     Started server process [19096]
INFO:     Waiting for application startup.
ERROR:    Traceback (most recent call last):
  File "C:\Users\prosp\AppData\Local\Programs\Python\Python313\Lib\site-packages\starlette\routing.py", line 694, in lifespan
    async with self.lifespan_context(app) as maybe_state:
               ~~~~~~~~~~~~~~~~~~~~~^^^^^
  File "C:\Users\prosp\AppData\Local\Programs\Python\Python313\Lib\contextlib.py", line 214, in __aenter__
    return await anext(self.gen)
           ^^^^^^^^^^^^^^^^^^^^^
  File "C:\Users\prosp\AppData\Local\Programs\Python\Python313\Lib\site-packages\fastapi\routing.py", line 140, in merged_lifespan
    async with original_context(app) as maybe_original_state:
               ~~~~~~~~~~~~~~~~^^^^^
  File "C:\Users\prosp\AppData\Local\Programs\Python\Python313\Lib\contextlib.py", line 214, in __aenter__
    return await anext(self.gen)
           ^^^^^^^^^^^^^^^^^^^^^
  File "C:\Users\prosp\AppData\Local\Programs\Python\Python313\Lib\site-packages\fastapi\routing.py", line 140, in merged_lifespan
    async with original_context(app) as maybe_original_state:
               ~~~~~~~~~~~~~~~~^^^^^
  File "C:\Users\prosp\AppData\Local\Programs\Python\Python313\Lib\contextlib.py", line 214, in __aenter__
    return await anext(self.gen)
           ^^^^^^^^^^^^^^^^^^^^^
  File "C:\Users\prosp\AppData\Local\Programs\Python\Python313\Lib\site-packages\fastapi\routing.py", line 140, in merged_lifespan
    async with original_context(app) as maybe_original_state:
               ~~~~~~~~~~~~~~~~^^^^^
  File "C:\Users\prosp\AppData\Local\Programs\Python\Python313\Lib\site-packages\starlette\routing.py", line 571, in __aenter__
    await self._router.startup()
  File "C:\Users\prosp\AppData\Local\Programs\Python\Python313\Lib\site-packages\starlette\routing.py", line 673, in startup
    handler()
    ~~~~~~~^^
  File "C:\Users\prosp\Desktop\Axon\backend\main.py", line 38, in startup_event
    print(f"  IQ_OPTION_EMAIL     : {'\u2713 SET' if iq_email else '\u2717 MISSING - market/signals will return 503!'}")
    ~~~~~^^^^^^^^^^^^^^^^^^^^^^^^^^^^^^^^^^^^^^^^^^^^^^^^^^^^^^^^^^^^^^^^^^^^^^^^^^^^^^^^^^^^^^^^^^^^^^^^^^^^^
  File "C:\Users\prosp\AppData\Local\Programs\Python\Python313\Lib\encodings\cp1252.py", line 19, in encode
    return codecs.charmap_encode(input,self.errors,encoding_table)[0]
           ~~~~~~~~~~~~~~~~~~~~~^^^^^^^^^^^^^^^^^^^^^^^^^^^^^^^^^^
UnicodeEncodeError: 'charmap' codec can't encode character '\u2717' in position 24: character maps to <undefined>

ERROR:    Application startup failed. Exiting.
[NotificationService] Service account key NOT FOUND. Please set FIREBASE_SERVICE_ACCOUNT_JSON env var or place 'firebase-service-account.json' in backend/.
[NotificationService] Current Directory: C:\Users\prosp\Desktop\Axon
[NotificationService] Files: ['.git', '.gitignore', '.python-version', 'backend', 'backend_debug.log', 'backend_output.log', 'backend_output_2.log', 'eas.json', 'frontend', 'node_modules', 'package-lock.json', 'package.json', 'README.md', 'render.yaml', 'verify_queue.py']
[StatusStore] Using local JSON file storage at: C:\Users\prosp\Desktop\Axon\backend\local_status_store.json
[QueueService] Running in local PERSISTENT queue mode: C:\Users\prosp\Desktop\Axon\backend\local_queue.json
============================================================
[Startup] Axon Backend Environment Check:
